▿ ButtonTheme
  ▿ colors: Colors
    ▿ primaryColor: blue
      ▿ provider: ColorBox<SystemColorType>
        - base: SystemColorType.blue
    ▿ secondaryColor: white
      ▿ provider: ColorBox<ResolvedColorProvider>
        ▿ base: ResolvedColorProvider
          ▿ color: #FFFFFFFF
            - linearRed: 1.0
            - linearGreen: 1.0
            - linearBlue: 1.0
            - opacity: 1.0
  ▿ fonts: Fonts
    ▿ primaryFont: Font
      ▿ provider: FontBox<TextStyleProvider>
        ▿ base: TextStyleProvider
          - design: Optional<Design>.none
          - style: TextStyle.title2
          - weight: Optional<Weight>.none
